# phantomjs:
keysToRemove: []
keysToRemove: []
keysToRemove: []
keysToRemove: []
keysToRemove: []
keysToRemove: []
keysToRemove: []
keysToRemove: []
keysToRemove: []
keysToRemove: []
keysToRemove: []
keysToRemove: []
keysToRemove: []
keysToRemove: []
keysToRemove: []
keysToRemove: []
keysToRemove: []
keysToRemove: []
keysToRemove: []
keysToRemove: []
keysToRemove: []
keysToRemove: []
keysToRemove: []
keysToRemove: []
keysToRemove: []
keysToRemove: []
keysToRemove: []
keysToRemove: []
keysToRemove: []
keysToRemove: []
keysToRemove: []
keysToRemove: []
keysToRemove: []
keysToRemove: []
keysToRemove: []
keysToRemove: []
keysToRemove: []
keysToRemove: []
keysToRemove: []
keysToRemove: []
keysToRemove: []
keysToRemove: []
keysToRemove: []
keysToRemove: []
keysToRemove: []
keysToRemove: []
keysToRemove: []
keysToRemove: []
keysToRemove: []
keysToRemove: []
keysToRemove: []
keysToRemove: []
keysToRemove: []
keysToRemove: []
keysToRemove: []

[0m[0m
[0m  BackFire.Collection[0m
[2K[0G  [32m  ✓[0m[90m should exist [0m
[2K[0G  [32m  ✓[0m[90m should extend [0m
keysToRemove: []
keysToRemove: []
keysToRemove: []
keysToRemove: []
keysToRemove: []
keysToRemove: []
keysToRemove: []
keysToRemove: []
keysToRemove: []
keysToRemove: []
keysToRemove: []
keysToRemove: []
keysToRemove: []
keysToRemove: []
keysToRemove: []
keysToRemove: []
keysToRemove: []
keysToRemove: []
keysToRemove: []
keysToRemove: []
keysToRemove: []
keysToRemove: []
keysToRemove: []
keysToRemove: []
keysToRemove: []
keysToRemove: []
keysToRemove: []
keysToRemove: []
keysToRemove: []
keysToRemove: []
keysToRemove: []
keysToRemove: []
keysToRemove: []
keysToRemove: []
keysToRemove: []
keysToRemove: []
keysToRemove: []
keysToRemove: []
keysToRemove: []
keysToRemove: []
keysToRemove: []
keysToRemove: []
keysToRemove: []
keysToRemove: []
keysToRemove: []
keysToRemove: []
keysToRemove: []
keysToRemove: []
keysToRemove: []
keysToRemove: []
keysToRemove: []
keysToRemove: []
keysToRemove: []
keysToRemove: []
keysToRemove: []
[2K[0G  [32m  ✓[0m[90m should construct [0m
[2K[0G  [32m  ✓[0m[90m should throw an error if an invalid url is provided [0m
keysToRemove: []
keysToRemove: []
keysToRemove: []
keysToRemove: []
keysToRemove: []
keysToRemove: []
keysToRemove: []
keysToRemove: []
keysToRemove: []
keysToRemove: []
keysToRemove: []
keysToRemove: []
keysToRemove: []
keysToRemove: []
keysToRemove: []
keysToRemove: []
keysToRemove: []
keysToRemove: []
keysToRemove: []
keysToRemove: []
keysToRemove: []
keysToRemove: []
keysToRemove: []
keysToRemove: []
keysToRemove: []
keysToRemove: []
keysToRemove: []
keysToRemove: []
keysToRemove: []
keysToRemove: []
keysToRemove: []
keysToRemove: []
keysToRemove: []
keysToRemove: []
keysToRemove: []
keysToRemove: []
keysToRemove: []
keysToRemove: []
keysToRemove: []
keysToRemove: []
keysToRemove: []
keysToRemove: []
keysToRemove: []
keysToRemove: []
keysToRemove: []
keysToRemove: []
keysToRemove: []
keysToRemove: []
keysToRemove: []
keysToRemove: []
keysToRemove: []
keysToRemove: []
keysToRemove: []
keysToRemove: []
keysToRemove: []
[2K[0G  [32m  ✓[0m[90m should call BackFire._determineRef with url as a function [0m
keysToRemove: []
keysToRemove: []
keysToRemove: []
keysToRemove: []
keysToRemove: []
keysToRemove: []
keysToRemove: []
keysToRemove: []
keysToRemove: []
keysToRemove: []
keysToRemove: []
keysToRemove: []
keysToRemove: []
keysToRemove: []
keysToRemove: []
keysToRemove: []
keysToRemove: []
keysToRemove: []
keysToRemove: []
keysToRemove: []
keysToRemove: []
keysToRemove: []
keysToRemove: []
keysToRemove: []
keysToRemove: []
keysToRemove: []
keysToRemove: []
keysToRemove: []
keysToRemove: []
keysToRemove: []
keysToRemove: []
keysToRemove: []
keysToRemove: []
keysToRemove: []
keysToRemove: []
keysToRemove: []
keysToRemove: []
keysToRemove: []
keysToRemove: []
keysToRemove: []
keysToRemove: []
keysToRemove: []
keysToRemove: []
keysToRemove: []
keysToRemove: []
keysToRemove: []
keysToRemove: []
keysToRemove: []
keysToRemove: []
keysToRemove: []
keysToRemove: []
keysToRemove: []
keysToRemove: []
keysToRemove: []
keysToRemove: []
[2K[0G  [32m  ✓[0m[90m should call BackFire._determineRef with url as a string [0m
[2K[0G  [32m  ✓[0m[90m should call BackFire._determineRef with url as a Firebase reference [0m
[0m    #_compareAttributes[0m
keysToRemove: []
keysToRemove: []
keysToRemove: []
keysToRemove: []
keysToRemove: []
keysToRemove: []
keysToRemove: []
keysToRemove: []
keysToRemove: []
keysToRemove: []
keysToRemove: []
keysToRemove: []
keysToRemove: []
keysToRemove: []
keysToRemove: []
keysToRemove: []
keysToRemove: []
keysToRemove: []
keysToRemove: []
keysToRemove: []
keysToRemove: []
keysToRemove: []
keysToRemove: []
keysToRemove: []
keysToRemove: []
keysToRemove: []
keysToRemove: []
keysToRemove: []
keysToRemove: []
keysToRemove: []
keysToRemove: []
keysToRemove: []
keysToRemove: []
keysToRemove: []
keysToRemove: []
keysToRemove: []
keysToRemove: []
keysToRemove: []
keysToRemove: []
keysToRemove: []
keysToRemove: []
keysToRemove: []
keysToRemove: []
keysToRemove: []
keysToRemove: []
keysToRemove: []
keysToRemove: []
keysToRemove: []
keysToRemove: []
keysToRemove: []
keysToRemove: []
keysToRemove: []
keysToRemove: []
keysToRemove: []
keysToRemove: []
[2K[0G    [32m  ✓[0m[90m should set deleted values to null [0m
keysToRemove: []
keysToRemove: []
keysToRemove: []
keysToRemove: []
keysToRemove: []
keysToRemove: []
keysToRemove: []
keysToRemove: []
keysToRemove: []
keysToRemove: []
keysToRemove: []
keysToRemove: []
keysToRemove: []
keysToRemove: []
keysToRemove: []
keysToRemove: []
keysToRemove: []
keysToRemove: []
keysToRemove: []
keysToRemove: []
keysToRemove: []
keysToRemove: []
keysToRemove: []
keysToRemove: []
keysToRemove: []
keysToRemove: []
keysToRemove: []
keysToRemove: []
keysToRemove: []
keysToRemove: []
keysToRemove: []
keysToRemove: []
keysToRemove: []
keysToRemove: []
keysToRemove: []
keysToRemove: []
keysToRemove: []
keysToRemove: []
keysToRemove: []
keysToRemove: []
keysToRemove: []
keysToRemove: []
keysToRemove: []
keysToRemove: []
keysToRemove: []
keysToRemove: []
keysToRemove: []
keysToRemove: []
keysToRemove: []
keysToRemove: []
keysToRemove: []
keysToRemove: []
keysToRemove: []
keysToRemove: []
keysToRemove: []
[2K[0G    [32m  ✓[0m[90m should return updated attributes [0m
[0m    #_setWithPriority[0m
keysToRemove: []
keysToRemove: []
keysToRemove: []
keysToRemove: []
keysToRemove: []
keysToRemove: []
keysToRemove: []
keysToRemove: []
keysToRemove: []
keysToRemove: []
keysToRemove: []
keysToRemove: []
keysToRemove: []
keysToRemove: []
keysToRemove: []
keysToRemove: []
keysToRemove: []
keysToRemove: []
keysToRemove: []
keysToRemove: []
keysToRemove: []
keysToRemove: []
keysToRemove: []
keysToRemove: []
keysToRemove: []
keysToRemove: []
keysToRemove: []
keysToRemove: []
keysToRemove: []
keysToRemove: []
keysToRemove: []
keysToRemove: []
keysToRemove: []
keysToRemove: []
keysToRemove: []
keysToRemove: []
keysToRemove: []
keysToRemove: []
keysToRemove: []
keysToRemove: []
keysToRemove: []
keysToRemove: []
keysToRemove: []
keysToRemove: []
keysToRemove: []
keysToRemove: []
keysToRemove: []
keysToRemove: []
keysToRemove: []
keysToRemove: []
keysToRemove: []
keysToRemove: []
keysToRemove: []
keysToRemove: []
keysToRemove: []
[2K[0G    [32m  ✓[0m[90m should call setWithPriority on a Firebase reference [0m
keysToRemove: []
keysToRemove: []
keysToRemove: []
keysToRemove: []
keysToRemove: []
keysToRemove: []
keysToRemove: []
keysToRemove: []
keysToRemove: []
keysToRemove: []
keysToRemove: []
keysToRemove: []
keysToRemove: []
keysToRemove: []
keysToRemove: []
keysToRemove: []
keysToRemove: []
keysToRemove: []
keysToRemove: []
keysToRemove: []
keysToRemove: []
keysToRemove: []
keysToRemove: []
keysToRemove: []
keysToRemove: []
keysToRemove: []
keysToRemove: []
keysToRemove: []
keysToRemove: []
keysToRemove: []
keysToRemove: []
keysToRemove: []
keysToRemove: []
keysToRemove: []
keysToRemove: []
keysToRemove: []
keysToRemove: []
keysToRemove: []
keysToRemove: []
keysToRemove: []
keysToRemove: []
keysToRemove: []
keysToRemove: []
keysToRemove: []
keysToRemove: []
keysToRemove: []
keysToRemove: []
keysToRemove: []
keysToRemove: []
keysToRemove: []
keysToRemove: []
keysToRemove: []
keysToRemove: []
keysToRemove: []
keysToRemove: []
[2K[0G    [32m  ✓[0m[90m should delete local priority [0m
[0m    #_updateToFirebase[0m
keysToRemove: []
keysToRemove: []
keysToRemove: []
keysToRemove: []
keysToRemove: []
keysToRemove: []
keysToRemove: []
keysToRemove: []
keysToRemove: []
keysToRemove: []
keysToRemove: []
keysToRemove: []
keysToRemove: []
keysToRemove: []
keysToRemove: []
keysToRemove: []
keysToRemove: []
keysToRemove: []
keysToRemove: []
keysToRemove: []
keysToRemove: []
keysToRemove: []
keysToRemove: []
keysToRemove: []
keysToRemove: []
keysToRemove: []
keysToRemove: []
keysToRemove: []
keysToRemove: []
keysToRemove: []
keysToRemove: []
keysToRemove: []
keysToRemove: []
keysToRemove: []
keysToRemove: []
keysToRemove: []
keysToRemove: []
keysToRemove: []
keysToRemove: []
keysToRemove: []
keysToRemove: []
keysToRemove: []
keysToRemove: []
keysToRemove: []
keysToRemove: []
keysToRemove: []
keysToRemove: []
keysToRemove: []
keysToRemove: []
keysToRemove: []
keysToRemove: []
keysToRemove: []
keysToRemove: []
keysToRemove: []
keysToRemove: []
[2K[0G    [32m  ✓[0m[90m should call update on a Firebase reference [0m
[0m    #_parseModels()[0m
[2K[0G    [32m  ✓[0m[90m should be a method [0m
[2K[0G    [32m  ✓[0m[90m should return an empty array when called without parameters [0m
[0m      calling Backbone.Collection.prototype._prepareModel[0m
keysToRemove: []
keysToRemove: []
keysToRemove: []
keysToRemove: []
keysToRemove: []
keysToRemove: []
keysToRemove: []
keysToRemove: []
keysToRemove: []
keysToRemove: []
keysToRemove: []
keysToRemove: []
keysToRemove: []
keysToRemove: []
keysToRemove: []
keysToRemove: []
keysToRemove: []
keysToRemove: []
keysToRemove: []
keysToRemove: []
keysToRemove: []
keysToRemove: []
keysToRemove: []
keysToRemove: []
keysToRemove: []
keysToRemove: []
keysToRemove: []
keysToRemove: []
keysToRemove: []
keysToRemove: []
keysToRemove: []
keysToRemove: []
keysToRemove: []
keysToRemove: []
keysToRemove: []
keysToRemove: []
keysToRemove: []
keysToRemove: []
keysToRemove: []
keysToRemove: []
keysToRemove: []
keysToRemove: []
keysToRemove: []
keysToRemove: []
keysToRemove: []
keysToRemove: []
keysToRemove: []
keysToRemove: []
keysToRemove: []
keysToRemove: []
keysToRemove: []
keysToRemove: []
keysToRemove: []
keysToRemove: []
keysToRemove: []
[2K[0G      [32m  ✓[0m[90m should call Backbone.Collection.prototype._prepareModel [0m
keysToRemove: []
keysToRemove: []
keysToRemove: []
keysToRemove: []
keysToRemove: []
keysToRemove: []
keysToRemove: []
keysToRemove: []
keysToRemove: []
keysToRemove: []
keysToRemove: []
keysToRemove: []
keysToRemove: []
keysToRemove: []
keysToRemove: []
keysToRemove: []
keysToRemove: []
keysToRemove: []
keysToRemove: []
keysToRemove: []
keysToRemove: []
keysToRemove: []
keysToRemove: []
keysToRemove: []
keysToRemove: []
keysToRemove: []
keysToRemove: []
keysToRemove: []
keysToRemove: []
keysToRemove: []
keysToRemove: []
keysToRemove: []
keysToRemove: []
keysToRemove: []
keysToRemove: []
keysToRemove: []
keysToRemove: []
keysToRemove: []
keysToRemove: []
keysToRemove: []
keysToRemove: []
keysToRemove: []
keysToRemove: []
keysToRemove: []
keysToRemove: []
keysToRemove: []
keysToRemove: []
keysToRemove: []
keysToRemove: []
keysToRemove: []
keysToRemove: []
keysToRemove: []
keysToRemove: []
keysToRemove: []
keysToRemove: []
[2K[0G      [32m  ✓[0m[90m should prepare models [0m
[0m    SyncCollection[0m
keysToRemove: []
keysToRemove: []
keysToRemove: []
keysToRemove: []
keysToRemove: []
keysToRemove: []
keysToRemove: []
keysToRemove: []
keysToRemove: []
keysToRemove: []
keysToRemove: []
keysToRemove: []
keysToRemove: []
keysToRemove: []
keysToRemove: []
keysToRemove: []
keysToRemove: []
keysToRemove: []
keysToRemove: []
keysToRemove: []
keysToRemove: []
keysToRemove: []
keysToRemove: []
keysToRemove: []
keysToRemove: []
keysToRemove: []
keysToRemove: []
keysToRemove: []
keysToRemove: []
keysToRemove: []
keysToRemove: []
keysToRemove: []
keysToRemove: []
keysToRemove: []
keysToRemove: []
keysToRemove: []
keysToRemove: []
keysToRemove: []
keysToRemove: []
keysToRemove: []
keysToRemove: []
keysToRemove: []
keysToRemove: []
keysToRemove: []
keysToRemove: []
keysToRemove: []
keysToRemove: []
keysToRemove: []
keysToRemove: []
keysToRemove: []
keysToRemove: []
keysToRemove: []
keysToRemove: []
keysToRemove: []
keysToRemove: []
[2K[0G    [32m  ✓[0m[90m should enable autoSync by default [0m
keysToRemove: []
keysToRemove: []
keysToRemove: []
keysToRemove: []
keysToRemove: []
keysToRemove: []
keysToRemove: []
keysToRemove: []
keysToRemove: []
keysToRemove: []
keysToRemove: []
keysToRemove: []
keysToRemove: []
keysToRemove: []
keysToRemove: []
keysToRemove: []
keysToRemove: []
keysToRemove: []
keysToRemove: []
keysToRemove: []
keysToRemove: []
keysToRemove: []
keysToRemove: []
keysToRemove: []
keysToRemove: []
keysToRemove: []
keysToRemove: []
keysToRemove: []
keysToRemove: []
keysToRemove: []
keysToRemove: []
keysToRemove: []
keysToRemove: []
keysToRemove: []
keysToRemove: []
keysToRemove: []
keysToRemove: []
keysToRemove: []
keysToRemove: []
keysToRemove: []
keysToRemove: []
keysToRemove: []
keysToRemove: []
keysToRemove: []
keysToRemove: []
keysToRemove: []
keysToRemove: []
keysToRemove: []
keysToRemove: []
keysToRemove: []
keysToRemove: []
keysToRemove: []
keysToRemove: []
keysToRemove: []
keysToRemove: []
keysToRemove: []
keysToRemove: []
[2K[0G    [31m  1) should call sync when added[0m

[0m  BackFire.Model[0m
[2K[0G  [32m  ✓[0m[90m should exist [0m
[2K[0G  [32m  ✓[0m[90m should extend [0m
keysToRemove: []
keysToRemove: []
keysToRemove: []
keysToRemove: []
keysToRemove: []
keysToRemove: []
keysToRemove: []
keysToRemove: []
keysToRemove: []
keysToRemove: []
keysToRemove: []
keysToRemove: []
keysToRemove: []
keysToRemove: []
keysToRemove: []
keysToRemove: []
keysToRemove: []
keysToRemove: []
keysToRemove: []
keysToRemove: []
keysToRemove: []
keysToRemove: []
keysToRemove: []
keysToRemove: []
keysToRemove: []
keysToRemove: []
keysToRemove: []
keysToRemove: []
keysToRemove: []
keysToRemove: []
keysToRemove: []
keysToRemove: []
keysToRemove: []
keysToRemove: []
keysToRemove: []
keysToRemove: []
keysToRemove: []
keysToRemove: []
keysToRemove: []
keysToRemove: []
keysToRemove: []
keysToRemove: []
keysToRemove: []
keysToRemove: []
keysToRemove: []
keysToRemove: []
keysToRemove: []
keysToRemove: []
keysToRemove: []
keysToRemove: []
keysToRemove: []
keysToRemove: []
keysToRemove: []
keysToRemove: []
keysToRemove: []
[2K[0G  [32m  ✓[0m[90m should contstruct [0m
[2K[0G  [32m  ✓[0m[90m should update model [0m
[2K[0G  [32m  ✓[0m[90m should set changed attributes to null [0m
[0m    #constructor[0m
[2K[0G    [32m  ✓[0m[90m should throw an error if an invalid url is provided [0m
[2K[0G    [32m  ✓[0m[90m should call BackFire._determineRef with url as a Firebase reference [0m
[0m    #destroy[0m
keysToRemove: []
keysToRemove: []
keysToRemove: []
keysToRemove: []
keysToRemove: []
keysToRemove: []
keysToRemove: []
keysToRemove: []
keysToRemove: []
keysToRemove: []
keysToRemove: []
keysToRemove: []
keysToRemove: []
keysToRemove: []
keysToRemove: []
keysToRemove: []
keysToRemove: []
keysToRemove: []
keysToRemove: []
keysToRemove: []
keysToRemove: []
keysToRemove: []
keysToRemove: []
keysToRemove: []
keysToRemove: []
keysToRemove: []
keysToRemove: []
keysToRemove: []
keysToRemove: []
keysToRemove: []
keysToRemove: []
keysToRemove: []
keysToRemove: []
keysToRemove: []
keysToRemove: []
keysToRemove: []
keysToRemove: []
keysToRemove: []
keysToRemove: []
keysToRemove: []
keysToRemove: []
keysToRemove: []
keysToRemove: []
keysToRemove: []
keysToRemove: []
keysToRemove: []
keysToRemove: []
keysToRemove: []
keysToRemove: []
keysToRemove: []
keysToRemove: []
keysToRemove: []
keysToRemove: []
keysToRemove: []
keysToRemove: []
[2K[0G    [32m  ✓[0m[90m should trigger the destroy event [0m
[0m    #_unsetAttributes[0m
keysToRemove: []
keysToRemove: []
keysToRemove: []
keysToRemove: []
keysToRemove: []
keysToRemove: []
keysToRemove: []
keysToRemove: []
keysToRemove: []
keysToRemove: []
keysToRemove: []
keysToRemove: []
keysToRemove: []
keysToRemove: []
keysToRemove: []
keysToRemove: []
keysToRemove: []
keysToRemove: []
keysToRemove: []
keysToRemove: []
keysToRemove: []
keysToRemove: []
keysToRemove: []
keysToRemove: []
keysToRemove: []
keysToRemove: []
keysToRemove: []
keysToRemove: []
keysToRemove: []
keysToRemove: []
keysToRemove: []
keysToRemove: []
keysToRemove: []
keysToRemove: []
keysToRemove: []
keysToRemove: []
keysToRemove: []
keysToRemove: []
keysToRemove: []
keysToRemove: []
keysToRemove: []
keysToRemove: []
keysToRemove: []
keysToRemove: []
keysToRemove: []
keysToRemove: []
keysToRemove: []
keysToRemove: []
keysToRemove: []
keysToRemove: []
keysToRemove: []
keysToRemove: []
keysToRemove: []
keysToRemove: []
keysToRemove: []
[2K[0G    [32m  ✓[0m[90m should unset attributes that have been deleted on the server [0m
keysToRemove: []
keysToRemove: []
keysToRemove: []
keysToRemove: []
keysToRemove: []
keysToRemove: []
keysToRemove: []
keysToRemove: []
keysToRemove: []
keysToRemove: []
keysToRemove: []
keysToRemove: []
keysToRemove: []
keysToRemove: []
keysToRemove: []
keysToRemove: []
keysToRemove: []
keysToRemove: []
keysToRemove: []
keysToRemove: []
keysToRemove: []
keysToRemove: []
keysToRemove: []
keysToRemove: []
keysToRemove: []
keysToRemove: []
keysToRemove: []
keysToRemove: []
keysToRemove: []
keysToRemove: []
keysToRemove: []
keysToRemove: []
keysToRemove: []
keysToRemove: []
keysToRemove: []
keysToRemove: []
keysToRemove: []
keysToRemove: []
keysToRemove: []
keysToRemove: []
keysToRemove: []
keysToRemove: []
keysToRemove: []
keysToRemove: []
keysToRemove: []
keysToRemove: []
keysToRemove: []
keysToRemove: []
keysToRemove: []
keysToRemove: []
keysToRemove: []
keysToRemove: []
keysToRemove: []
keysToRemove: []
keysToRemove: []
[2K[0G    [32m  ✓[0m[90m should call _unsetAttributes [0m
[0m    #_setId[0m
keysToRemove: []
keysToRemove: []
keysToRemove: []
keysToRemove: []
keysToRemove: []
keysToRemove: []
keysToRemove: []
keysToRemove: []
keysToRemove: []
keysToRemove: []
keysToRemove: []
keysToRemove: []
keysToRemove: []
keysToRemove: []
keysToRemove: []
keysToRemove: []
keysToRemove: []
keysToRemove: []
keysToRemove: []
keysToRemove: []
keysToRemove: []
keysToRemove: []
keysToRemove: []
keysToRemove: []
keysToRemove: []
keysToRemove: []
keysToRemove: []
keysToRemove: []
keysToRemove: []
keysToRemove: []
keysToRemove: []
keysToRemove: []
keysToRemove: []
keysToRemove: []
keysToRemove: []
keysToRemove: []
keysToRemove: []
keysToRemove: []
keysToRemove: []
keysToRemove: []
keysToRemove: []
keysToRemove: []
keysToRemove: []
keysToRemove: []
keysToRemove: []
keysToRemove: []
keysToRemove: []
keysToRemove: []
keysToRemove: []
keysToRemove: []
keysToRemove: []
keysToRemove: []
keysToRemove: []
keysToRemove: []
keysToRemove: []
[2K[0G    [32m  ✓[0m[90m should set id to its value [0m
[0m    SyncModel[0m
[0m      ignored methods[0m
keysToRemove: []
keysToRemove: []
keysToRemove: []
keysToRemove: []
keysToRemove: []
keysToRemove: []
keysToRemove: []
keysToRemove: []
keysToRemove: []
keysToRemove: []
keysToRemove: []
keysToRemove: []
keysToRemove: []
keysToRemove: []
keysToRemove: []
keysToRemove: []
keysToRemove: []
keysToRemove: []
keysToRemove: []
keysToRemove: []
keysToRemove: []
keysToRemove: []
keysToRemove: []
keysToRemove: []
keysToRemove: []
keysToRemove: []
keysToRemove: []
keysToRemove: []
keysToRemove: []
keysToRemove: []
keysToRemove: []
keysToRemove: []
keysToRemove: []
keysToRemove: []
keysToRemove: []
keysToRemove: []
keysToRemove: []
keysToRemove: []
keysToRemove: []
keysToRemove: []
keysToRemove: []
keysToRemove: []
keysToRemove: []
keysToRemove: []
keysToRemove: []
keysToRemove: []
keysToRemove: []
keysToRemove: []
keysToRemove: []
keysToRemove: []
keysToRemove: []
keysToRemove: []
keysToRemove: []
keysToRemove: []
keysToRemove: []
Save called on a Firebase model with autoSync enabled, ignoring.
[2K[0G      [32m  ✓[0m[90m should do nothing when save is called [0m
keysToRemove: []
keysToRemove: []
keysToRemove: []
keysToRemove: []
keysToRemove: []
keysToRemove: []
keysToRemove: []
keysToRemove: []
keysToRemove: []
keysToRemove: []
keysToRemove: []
keysToRemove: []
keysToRemove: []
keysToRemove: []
keysToRemove: []
keysToRemove: []
keysToRemove: []
keysToRemove: []
keysToRemove: []
keysToRemove: []
keysToRemove: []
keysToRemove: []
keysToRemove: []
keysToRemove: []
keysToRemove: []
keysToRemove: []
keysToRemove: []
keysToRemove: []
keysToRemove: []
keysToRemove: []
keysToRemove: []
keysToRemove: []
keysToRemove: []
keysToRemove: []
keysToRemove: []
keysToRemove: []
keysToRemove: []
keysToRemove: []
keysToRemove: []
keysToRemove: []
keysToRemove: []
keysToRemove: []
keysToRemove: []
keysToRemove: []
keysToRemove: []
keysToRemove: []
keysToRemove: []
keysToRemove: []
keysToRemove: []
keysToRemove: []
keysToRemove: []
keysToRemove: []
keysToRemove: []
keysToRemove: []
keysToRemove: []
Save called on a Firebase model with autoSync enabled, ignoring.
[2K[0G      [32m  ✓[0m[90m should do nothing when fetch is called [0m
keysToRemove: []
keysToRemove: []
keysToRemove: []
keysToRemove: []
keysToRemove: []
keysToRemove: []
keysToRemove: []
keysToRemove: []
keysToRemove: []
keysToRemove: []
keysToRemove: []
keysToRemove: []
keysToRemove: []
keysToRemove: []
keysToRemove: []
keysToRemove: []
keysToRemove: []
keysToRemove: []
keysToRemove: []
keysToRemove: []
keysToRemove: []
keysToRemove: []
keysToRemove: []
keysToRemove: []
keysToRemove: []
keysToRemove: []
keysToRemove: []
keysToRemove: []
keysToRemove: []
keysToRemove: []
keysToRemove: []
keysToRemove: []
keysToRemove: []
keysToRemove: []
keysToRemove: []
keysToRemove: []
keysToRemove: []
keysToRemove: []
keysToRemove: []
keysToRemove: []
keysToRemove: []
keysToRemove: []
keysToRemove: []
keysToRemove: []
keysToRemove: []
keysToRemove: []
keysToRemove: []
keysToRemove: []
keysToRemove: []
keysToRemove: []
keysToRemove: []
keysToRemove: []
keysToRemove: []
keysToRemove: []
keysToRemove: []
Sync called on a Fireabse model with autoSync enabled, ignoring.
[2K[0G      [32m  ✓[0m[90m should do nothing when sync is called [0m
[0m      #constructor[0m
keysToRemove: []
keysToRemove: []
keysToRemove: []
keysToRemove: []
keysToRemove: []
keysToRemove: []
keysToRemove: []
keysToRemove: []
keysToRemove: []
keysToRemove: []
keysToRemove: []
keysToRemove: []
keysToRemove: []
keysToRemove: []
keysToRemove: []
keysToRemove: []
keysToRemove: []
keysToRemove: []
keysToRemove: []
keysToRemove: []
keysToRemove: []
keysToRemove: []
keysToRemove: []
keysToRemove: []
keysToRemove: []
keysToRemove: []
keysToRemove: []
keysToRemove: []
keysToRemove: []
keysToRemove: []
keysToRemove: []
keysToRemove: []
keysToRemove: []
keysToRemove: []
keysToRemove: []
keysToRemove: []
keysToRemove: []
keysToRemove: []
keysToRemove: []
keysToRemove: []
keysToRemove: []
keysToRemove: []
keysToRemove: []
keysToRemove: []
keysToRemove: []
keysToRemove: []
keysToRemove: []
keysToRemove: []
keysToRemove: []
keysToRemove: []
keysToRemove: []
keysToRemove: []
keysToRemove: []
keysToRemove: []
keysToRemove: []
keysToRemove: []
keysToRemove: []
[2K[0G      [32m  ✓[0m[90m should call sync when model is set [0m
keysToRemove: []
keysToRemove: []
keysToRemove: []
keysToRemove: []
keysToRemove: []
keysToRemove: []
keysToRemove: []
keysToRemove: []
keysToRemove: []
keysToRemove: []
keysToRemove: []
keysToRemove: []
keysToRemove: []
keysToRemove: []
keysToRemove: []
keysToRemove: []
keysToRemove: []
keysToRemove: []
keysToRemove: []
keysToRemove: []
keysToRemove: []
keysToRemove: []
keysToRemove: []
keysToRemove: []
keysToRemove: []
keysToRemove: []
keysToRemove: []
keysToRemove: []
keysToRemove: []
keysToRemove: []
keysToRemove: []
keysToRemove: []
keysToRemove: []
keysToRemove: []
keysToRemove: []
keysToRemove: []
keysToRemove: []
keysToRemove: []
keysToRemove: []
keysToRemove: []
keysToRemove: []
keysToRemove: []
keysToRemove: []
keysToRemove: []
keysToRemove: []
keysToRemove: []
keysToRemove: []
keysToRemove: []
keysToRemove: []
keysToRemove: []
keysToRemove: []
keysToRemove: []
keysToRemove: []
keysToRemove: []
keysToRemove: []
[2K[0G      [32m  ✓[0m[90m should set up a Firebase value listener [0m
keysToRemove: []
keysToRemove: []
keysToRemove: []
keysToRemove: []
keysToRemove: []
keysToRemove: []
keysToRemove: []
keysToRemove: []
keysToRemove: []
keysToRemove: []
keysToRemove: []
keysToRemove: []
keysToRemove: []
keysToRemove: []
keysToRemove: []
keysToRemove: []
keysToRemove: []
keysToRemove: []
keysToRemove: []
keysToRemove: []
keysToRemove: []
keysToRemove: []
keysToRemove: []
keysToRemove: []
keysToRemove: []
keysToRemove: []
keysToRemove: []
keysToRemove: []
keysToRemove: []
keysToRemove: []
keysToRemove: []
keysToRemove: []
keysToRemove: []
keysToRemove: []
keysToRemove: []
keysToRemove: []
keysToRemove: []
keysToRemove: []
keysToRemove: []
keysToRemove: []
keysToRemove: []
keysToRemove: []
keysToRemove: []
keysToRemove: []
keysToRemove: []
keysToRemove: []
keysToRemove: []
keysToRemove: []
keysToRemove: []
keysToRemove: []
keysToRemove: []
keysToRemove: []
keysToRemove: []
keysToRemove: []
keysToRemove: []
keysToRemove: []
keysToRemove: []
[2K[0G      [32m  ✓[0m[90m should listen for local changes [0m
[0m    OnceModel[0m
[0m      #constructor[0m
keysToRemove: []
keysToRemove: []
keysToRemove: []
keysToRemove: []
keysToRemove: []
keysToRemove: []
keysToRemove: []
keysToRemove: []
keysToRemove: []
keysToRemove: []
keysToRemove: []
keysToRemove: []
keysToRemove: []
keysToRemove: []
keysToRemove: []
keysToRemove: []
keysToRemove: []
keysToRemove: []
keysToRemove: []
keysToRemove: []
keysToRemove: []
keysToRemove: []
keysToRemove: []
keysToRemove: []
keysToRemove: []
keysToRemove: []
keysToRemove: []
keysToRemove: []
keysToRemove: []
keysToRemove: []
keysToRemove: []
keysToRemove: []
keysToRemove: []
keysToRemove: []
keysToRemove: []
keysToRemove: []
keysToRemove: []
keysToRemove: []
keysToRemove: []
keysToRemove: []
keysToRemove: []
keysToRemove: []
keysToRemove: []
keysToRemove: []
keysToRemove: []
keysToRemove: []
keysToRemove: []
keysToRemove: []
keysToRemove: []
keysToRemove: []
keysToRemove: []
keysToRemove: []
keysToRemove: []
keysToRemove: []
keysToRemove: []
[2K[0G      [32m  ✓[0m[90m should call _listenLocalChange [0m
keysToRemove: []
keysToRemove: []
keysToRemove: []
keysToRemove: []
keysToRemove: []
keysToRemove: []
keysToRemove: []
keysToRemove: []
keysToRemove: []
keysToRemove: []
keysToRemove: []
keysToRemove: []
keysToRemove: []
keysToRemove: []
keysToRemove: []
keysToRemove: []
keysToRemove: []
keysToRemove: []
keysToRemove: []
keysToRemove: []
keysToRemove: []
keysToRemove: []
keysToRemove: []
keysToRemove: []
keysToRemove: []
keysToRemove: []
keysToRemove: []
keysToRemove: []
keysToRemove: []
keysToRemove: []
keysToRemove: []
keysToRemove: []
keysToRemove: []
keysToRemove: []
keysToRemove: []
keysToRemove: []
keysToRemove: []
keysToRemove: []
keysToRemove: []
keysToRemove: []
keysToRemove: []
keysToRemove: []
keysToRemove: []
keysToRemove: []
keysToRemove: []
keysToRemove: []
keysToRemove: []
keysToRemove: []
keysToRemove: []
keysToRemove: []
keysToRemove: []
keysToRemove: []
keysToRemove: []
keysToRemove: []
keysToRemove: []
[2K[0G      [32m  ✓[0m[90m should listen for local changes [0m
[0m      #sync[0m
keysToRemove: []
keysToRemove: []
keysToRemove: []
keysToRemove: []
keysToRemove: []
keysToRemove: []
keysToRemove: []
keysToRemove: []
keysToRemove: []
keysToRemove: []
keysToRemove: []
keysToRemove: []
keysToRemove: []
keysToRemove: []
keysToRemove: []
keysToRemove: []
keysToRemove: []
keysToRemove: []
keysToRemove: []
keysToRemove: []
keysToRemove: []
keysToRemove: []
keysToRemove: []
keysToRemove: []
keysToRemove: []
keysToRemove: []
keysToRemove: []
keysToRemove: []
keysToRemove: []
keysToRemove: []
keysToRemove: []
keysToRemove: []
keysToRemove: []
keysToRemove: []
keysToRemove: []
keysToRemove: []
keysToRemove: []
keysToRemove: []
keysToRemove: []
keysToRemove: []
keysToRemove: []
keysToRemove: []
keysToRemove: []
keysToRemove: []
keysToRemove: []
keysToRemove: []
keysToRemove: []
keysToRemove: []
keysToRemove: []
keysToRemove: []
keysToRemove: []
keysToRemove: []
keysToRemove: []
keysToRemove: []
keysToRemove: []
[2K[0G      [32m  ✓[0m[90m should call BackFire.sync [0m
[0m    autoSync options[0m
keysToRemove: []
keysToRemove: []
keysToRemove: []
keysToRemove: []
keysToRemove: []
keysToRemove: []
keysToRemove: []
keysToRemove: []
keysToRemove: []
keysToRemove: []
keysToRemove: []
keysToRemove: []
keysToRemove: []
keysToRemove: []
keysToRemove: []
keysToRemove: []
keysToRemove: []
keysToRemove: []
keysToRemove: []
keysToRemove: []
keysToRemove: []
keysToRemove: []
keysToRemove: []
keysToRemove: []
keysToRemove: []
keysToRemove: []
keysToRemove: []
keysToRemove: []
keysToRemove: []
keysToRemove: []
keysToRemove: []
keysToRemove: []
keysToRemove: []
keysToRemove: []
keysToRemove: []
keysToRemove: []
keysToRemove: []
keysToRemove: []
keysToRemove: []
keysToRemove: []
keysToRemove: []
keysToRemove: []
keysToRemove: []
keysToRemove: []
keysToRemove: []
keysToRemove: []
keysToRemove: []
keysToRemove: []
keysToRemove: []
keysToRemove: []
keysToRemove: []
keysToRemove: []
keysToRemove: []
keysToRemove: []
keysToRemove: []
[2K[0G    [32m  ✓[0m[90m Constructor null -> Instance null [0m
keysToRemove: []
keysToRemove: []
keysToRemove: []
keysToRemove: []
keysToRemove: []
keysToRemove: []
keysToRemove: []
keysToRemove: []
keysToRemove: []
keysToRemove: []
keysToRemove: []
keysToRemove: []
keysToRemove: []
keysToRemove: []
keysToRemove: []
keysToRemove: []
keysToRemove: []
keysToRemove: []
keysToRemove: []
keysToRemove: []
keysToRemove: []
keysToRemove: []
keysToRemove: []
keysToRemove: []
keysToRemove: []
keysToRemove: []
keysToRemove: []
keysToRemove: []
keysToRemove: []
keysToRemove: []
keysToRemove: []
keysToRemove: []
keysToRemove: []
keysToRemove: []
keysToRemove: []
keysToRemove: []
keysToRemove: []
keysToRemove: []
keysToRemove: []
keysToRemove: []
keysToRemove: []
keysToRemove: []
keysToRemove: []
keysToRemove: []
keysToRemove: []
keysToRemove: []
keysToRemove: []
keysToRemove: []
keysToRemove: []
keysToRemove: []
keysToRemove: []
keysToRemove: []
keysToRemove: []
keysToRemove: []
keysToRemove: []
[2K[0G    [32m  ✓[0m[90m Constructor null -> Instance true [0m
keysToRemove: []
keysToRemove: []
keysToRemove: []
keysToRemove: []
keysToRemove: []
keysToRemove: []
keysToRemove: []
keysToRemove: []
keysToRemove: []
keysToRemove: []
keysToRemove: []
keysToRemove: []
keysToRemove: []
keysToRemove: []
keysToRemove: []
keysToRemove: []
keysToRemove: []
keysToRemove: []
keysToRemove: []
keysToRemove: []
keysToRemove: []
keysToRemove: []
keysToRemove: []
keysToRemove: []
keysToRemove: []
keysToRemove: []
keysToRemove: []
keysToRemove: []
keysToRemove: []
keysToRemove: []
keysToRemove: []
keysToRemove: []
keysToRemove: []
keysToRemove: []
keysToRemove: []
keysToRemove: []
keysToRemove: []
keysToRemove: []
keysToRemove: []
keysToRemove: []
keysToRemove: []
keysToRemove: []
keysToRemove: []
keysToRemove: []
keysToRemove: []
keysToRemove: []
keysToRemove: []
keysToRemove: []
keysToRemove: []
keysToRemove: []
keysToRemove: []
keysToRemove: []
keysToRemove: []
keysToRemove: []
keysToRemove: []
[2K[0G    [32m  ✓[0m[90m Constructor null -> Instance false [0m
keysToRemove: []
keysToRemove: []
keysToRemove: []
keysToRemove: []
keysToRemove: []
keysToRemove: []
keysToRemove: []
keysToRemove: []
keysToRemove: []
keysToRemove: []
keysToRemove: []
keysToRemove: []
keysToRemove: []
keysToRemove: []
keysToRemove: []
keysToRemove: []
keysToRemove: []
keysToRemove: []
keysToRemove: []
keysToRemove: []
keysToRemove: []
keysToRemove: []
keysToRemove: []
keysToRemove: []
keysToRemove: []
keysToRemove: []
keysToRemove: []
keysToRemove: []
keysToRemove: []
keysToRemove: []
keysToRemove: []
keysToRemove: []
keysToRemove: []
keysToRemove: []
keysToRemove: []
keysToRemove: []
keysToRemove: []
keysToRemove: []
keysToRemove: []
keysToRemove: []
keysToRemove: []
keysToRemove: []
keysToRemove: []
keysToRemove: []
keysToRemove: []
keysToRemove: []
keysToRemove: []
keysToRemove: []
keysToRemove: []
keysToRemove: []
keysToRemove: []
keysToRemove: []
keysToRemove: []
keysToRemove: []
keysToRemove: []
[2K[0G    [32m  ✓[0m[90m Constructor true -> Instance null [0m
keysToRemove: []
keysToRemove: []
keysToRemove: []
keysToRemove: []
keysToRemove: []
keysToRemove: []
keysToRemove: []
keysToRemove: []
keysToRemove: []
keysToRemove: []
keysToRemove: []
keysToRemove: []
keysToRemove: []
keysToRemove: []
keysToRemove: []
keysToRemove: []
keysToRemove: []
keysToRemove: []
keysToRemove: []
keysToRemove: []
keysToRemove: []
keysToRemove: []
keysToRemove: []
keysToRemove: []
keysToRemove: []
keysToRemove: []
keysToRemove: []
keysToRemove: []
keysToRemove: []
keysToRemove: []
keysToRemove: []
keysToRemove: []
keysToRemove: []
keysToRemove: []
keysToRemove: []
keysToRemove: []
keysToRemove: []
keysToRemove: []
keysToRemove: []
keysToRemove: []
keysToRemove: []
keysToRemove: []
keysToRemove: []
keysToRemove: []
keysToRemove: []
keysToRemove: []
keysToRemove: []
keysToRemove: []
keysToRemove: []
keysToRemove: []
keysToRemove: []
keysToRemove: []
keysToRemove: []
keysToRemove: []
keysToRemove: []
[2K[0G    [32m  ✓[0m[90m Constructor true -> Instance true [0m
keysToRemove: []
keysToRemove: []
keysToRemove: []
keysToRemove: []
keysToRemove: []
keysToRemove: []
keysToRemove: []
keysToRemove: []
keysToRemove: []
keysToRemove: []
keysToRemove: []
keysToRemove: []
keysToRemove: []
keysToRemove: []
keysToRemove: []
keysToRemove: []
keysToRemove: []
keysToRemove: []
keysToRemove: []
keysToRemove: []
keysToRemove: []
keysToRemove: []
keysToRemove: []
keysToRemove: []
keysToRemove: []
keysToRemove: []
keysToRemove: []
keysToRemove: []
keysToRemove: []
keysToRemove: []
keysToRemove: []
keysToRemove: []
keysToRemove: []
keysToRemove: []
keysToRemove: []
keysToRemove: []
keysToRemove: []
keysToRemove: []
keysToRemove: []
keysToRemove: []
keysToRemove: []
keysToRemove: []
keysToRemove: []
keysToRemove: []
keysToRemove: []
keysToRemove: []
keysToRemove: []
keysToRemove: []
keysToRemove: []
keysToRemove: []
keysToRemove: []
keysToRemove: []
keysToRemove: []
keysToRemove: []
keysToRemove: []
[2K[0G    [32m  ✓[0m[90m Constructor true -> Instance false [0m
keysToRemove: []
keysToRemove: []
keysToRemove: []
keysToRemove: []
keysToRemove: []
keysToRemove: []
keysToRemove: []
keysToRemove: []
keysToRemove: []
keysToRemove: []
keysToRemove: []
keysToRemove: []
keysToRemove: []
keysToRemove: []
keysToRemove: []
keysToRemove: []
keysToRemove: []
keysToRemove: []
keysToRemove: []
keysToRemove: []
keysToRemove: []
keysToRemove: []
keysToRemove: []
keysToRemove: []
keysToRemove: []
keysToRemove: []
keysToRemove: []
keysToRemove: []
keysToRemove: []
keysToRemove: []
keysToRemove: []
keysToRemove: []
keysToRemove: []
keysToRemove: []
keysToRemove: []
keysToRemove: []
keysToRemove: []
keysToRemove: []
keysToRemove: []
keysToRemove: []
keysToRemove: []
keysToRemove: []
keysToRemove: []
keysToRemove: []
keysToRemove: []
keysToRemove: []
keysToRemove: []
keysToRemove: []
keysToRemove: []
keysToRemove: []
keysToRemove: []
keysToRemove: []
keysToRemove: []
keysToRemove: []
keysToRemove: []
[2K[0G    [32m  ✓[0m[90m Constructor false -> Instance null [0m
keysToRemove: []
keysToRemove: []
keysToRemove: []
keysToRemove: []
keysToRemove: []
keysToRemove: []
keysToRemove: []
keysToRemove: []
keysToRemove: []
keysToRemove: []
keysToRemove: []
keysToRemove: []
keysToRemove: []
keysToRemove: []
keysToRemove: []
keysToRemove: []
keysToRemove: []
keysToRemove: []
keysToRemove: []
keysToRemove: []
keysToRemove: []
keysToRemove: []
keysToRemove: []
keysToRemove: []
keysToRemove: []
keysToRemove: []
keysToRemove: []
keysToRemove: []
keysToRemove: []
keysToRemove: []
keysToRemove: []
keysToRemove: []
keysToRemove: []
keysToRemove: []
keysToRemove: []
keysToRemove: []
keysToRemove: []
keysToRemove: []
keysToRemove: []
keysToRemove: []
keysToRemove: []
keysToRemove: []
keysToRemove: []
keysToRemove: []
keysToRemove: []
keysToRemove: []
keysToRemove: []
keysToRemove: []
keysToRemove: []
keysToRemove: []
keysToRemove: []
keysToRemove: []
keysToRemove: []
keysToRemove: []
keysToRemove: []
[2K[0G    [32m  ✓[0m[90m Constructor false -> Instance true [0m
keysToRemove: []
keysToRemove: []
keysToRemove: []
keysToRemove: []
keysToRemove: []
keysToRemove: []
keysToRemove: []
keysToRemove: []
keysToRemove: []
keysToRemove: []
keysToRemove: []
keysToRemove: []
keysToRemove: []
keysToRemove: []
keysToRemove: []
keysToRemove: []
keysToRemove: []
keysToRemove: []
keysToRemove: []
keysToRemove: []
keysToRemove: []
keysToRemove: []
keysToRemove: []
keysToRemove: []
keysToRemove: []
keysToRemove: []
keysToRemove: []
keysToRemove: []
keysToRemove: []
keysToRemove: []
keysToRemove: []
keysToRemove: []
keysToRemove: []
keysToRemove: []
keysToRemove: []
keysToRemove: []
keysToRemove: []
keysToRemove: []
keysToRemove: []
keysToRemove: []
keysToRemove: []
keysToRemove: []
keysToRemove: []
keysToRemove: []
keysToRemove: []
keysToRemove: []
keysToRemove: []
keysToRemove: []
keysToRemove: []
keysToRemove: []
keysToRemove: []
keysToRemove: []
keysToRemove: []
keysToRemove: []
keysToRemove: []
[2K[0G    [32m  ✓[0m[90m Constructor false -> Instance false [0m

[0m  BackFire[0m
[2K[0G  [32m  ✓[0m[90m should exist [0m
[0m    #_isPrimitive[0m
[2K[0G    [32m  ✓[0m[90m should return false for null [0m
[2K[0G    [32m  ✓[0m[90m should return false for object [0m
[2K[0G    [32m  ✓[0m[90m should return true for string [0m
[2K[0G    [32m  ✓[0m[90m should return true for int [0m
[2K[0G    [32m  ✓[0m[90m should return true for bool [0m
[0m    #_checkId[0m
[2K[0G    [32m  ✓[0m[90m should add an id to a model [0m
[2K[0G    [32m  ✓[0m[90m should throw an error if the model is not an object [0m
[2K[0G    [32m  ✓[0m[90m should create an object with an id for null values [0m
[0m    #_readOnce[0m
keysToRemove: []
keysToRemove: []
keysToRemove: []
keysToRemove: []
keysToRemove: []
keysToRemove: []
keysToRemove: []
keysToRemove: []
keysToRemove: []
keysToRemove: []
keysToRemove: []
keysToRemove: []
keysToRemove: []
keysToRemove: []
keysToRemove: []
keysToRemove: []
keysToRemove: []
keysToRemove: []
keysToRemove: []
keysToRemove: []
keysToRemove: []
keysToRemove: []
keysToRemove: []
keysToRemove: []
keysToRemove: []
keysToRemove: []
keysToRemove: []
keysToRemove: []
keysToRemove: []
keysToRemove: []
keysToRemove: []
keysToRemove: []
keysToRemove: []
keysToRemove: []
keysToRemove: []
keysToRemove: []
keysToRemove: []
keysToRemove: []
keysToRemove: []
keysToRemove: []
keysToRemove: []
keysToRemove: []
keysToRemove: []
keysToRemove: []
keysToRemove: []
keysToRemove: []
keysToRemove: []
keysToRemove: []
keysToRemove: []
keysToRemove: []
keysToRemove: []
keysToRemove: []
keysToRemove: []
keysToRemove: []
keysToRemove: []
[2K[0G    [32m  ✓[0m[90m should call Firebase.once [0m
keysToRemove: []
keysToRemove: []
keysToRemove: []
keysToRemove: []
keysToRemove: []
keysToRemove: []
keysToRemove: []
keysToRemove: []
keysToRemove: []
keysToRemove: []
keysToRemove: []
keysToRemove: []
keysToRemove: []
keysToRemove: []
keysToRemove: []
keysToRemove: []
keysToRemove: []
keysToRemove: []
keysToRemove: []
keysToRemove: []
keysToRemove: []
keysToRemove: []
keysToRemove: []
keysToRemove: []
keysToRemove: []
keysToRemove: []
keysToRemove: []
keysToRemove: []
keysToRemove: []
keysToRemove: []
keysToRemove: []
keysToRemove: []
keysToRemove: []
keysToRemove: []
keysToRemove: []
keysToRemove: []
keysToRemove: []
keysToRemove: []
keysToRemove: []
keysToRemove: []
keysToRemove: []
keysToRemove: []
keysToRemove: []
keysToRemove: []
keysToRemove: []
keysToRemove: []
keysToRemove: []
keysToRemove: []
keysToRemove: []
keysToRemove: []
keysToRemove: []
keysToRemove: []
keysToRemove: []
keysToRemove: []
keysToRemove: []
[2K[0G    [32m  ✓[0m[90m should return a snapshot from a callback function [0m
[0m    #_setToFirebase[0m
keysToRemove: []
keysToRemove: []
keysToRemove: []
keysToRemove: []
keysToRemove: []
keysToRemove: []
keysToRemove: []
keysToRemove: []
keysToRemove: []
keysToRemove: []
keysToRemove: []
keysToRemove: []
keysToRemove: []
keysToRemove: []
keysToRemove: []
keysToRemove: []
keysToRemove: []
keysToRemove: []
keysToRemove: []
keysToRemove: []
keysToRemove: []
keysToRemove: []
keysToRemove: []
keysToRemove: []
keysToRemove: []
keysToRemove: []
keysToRemove: []
keysToRemove: []
keysToRemove: []
keysToRemove: []
keysToRemove: []
keysToRemove: []
keysToRemove: []
keysToRemove: []
keysToRemove: []
keysToRemove: []
keysToRemove: []
keysToRemove: []
keysToRemove: []
keysToRemove: []
keysToRemove: []
keysToRemove: []
keysToRemove: []
keysToRemove: []
keysToRemove: []
keysToRemove: []
keysToRemove: []
keysToRemove: []
keysToRemove: []
keysToRemove: []
keysToRemove: []
keysToRemove: []
keysToRemove: []
keysToRemove: []
keysToRemove: []
keysToRemove: [ 'data', 'index', 'ordered' ]
keysToRemove: [ 'a', 'b', 'c', 'd', 'e' ]
keysToRemove: [ 'aBoolean', 'aNumber', 'aString' ]
keysToRemove: []
keysToRemove: []
keysToRemove: []
keysToRemove: [ 'aBoolean', 'aNumber', 'aString' ]
keysToRemove: []
keysToRemove: []
keysToRemove: []
keysToRemove: [ 'aBoolean', 'aNumber', 'aString' ]
keysToRemove: []
keysToRemove: []
keysToRemove: []
keysToRemove: [ 'aBoolean', 'aNumber', 'aString' ]
keysToRemove: []
keysToRemove: []
keysToRemove: []
keysToRemove: [ 'aNumber', 'aString' ]
keysToRemove: []
keysToRemove: []
keysToRemove: [ 'b', 'c', 'e', 'z' ]
keysToRemove: []
keysToRemove: []
keysToRemove: []
keysToRemove: []
keysToRemove: [ 'char_a_1',
  'char_a_2',
  'char_b',
  'char_c',
  'null_a',
  'null_b',
  'null_c',
  'num_1_a',
  'num_1_b',
  'num_2',
  'num_3' ]
keysToRemove: [ 'aLetter', 'aNumber' ]
keysToRemove: []
keysToRemove: []
keysToRemove: [ 'aLetter', 'aNumber' ]
keysToRemove: []
keysToRemove: []
keysToRemove: [ 'aLetter' ]
keysToRemove: []
keysToRemove: [ 'aLetter' ]
keysToRemove: []
keysToRemove: [ 'aLetter', 'aNumber' ]
keysToRemove: []
keysToRemove: []
keysToRemove: [ 'aLetter', 'aNumber' ]
keysToRemove: []
keysToRemove: []
keysToRemove: [ 'aLetter', 'aNumber' ]
keysToRemove: []
keysToRemove: []
keysToRemove: [ 'aNumber' ]
keysToRemove: []
keysToRemove: [ 'aNumber' ]
keysToRemove: []
keysToRemove: [ 'aNumber' ]
keysToRemove: []
keysToRemove: [ 'aNumber' ]
keysToRemove: []
[2K[0G    [32m  ✓[0m[90m should call Firebase.set [0m
keysToRemove: []
keysToRemove: []
keysToRemove: []
keysToRemove: []
keysToRemove: []
keysToRemove: []
keysToRemove: []
keysToRemove: []
keysToRemove: []
keysToRemove: []
keysToRemove: []
keysToRemove: []
keysToRemove: []
keysToRemove: []
keysToRemove: []
keysToRemove: []
keysToRemove: []
keysToRemove: []
keysToRemove: []
keysToRemove: []
keysToRemove: []
keysToRemove: []
keysToRemove: []
keysToRemove: []
keysToRemove: []
keysToRemove: []
keysToRemove: []
keysToRemove: []
keysToRemove: []
keysToRemove: []
keysToRemove: []
keysToRemove: []
keysToRemove: []
keysToRemove: []
keysToRemove: []
keysToRemove: []
keysToRemove: []
keysToRemove: []
keysToRemove: []
keysToRemove: []
keysToRemove: []
keysToRemove: []
keysToRemove: []
keysToRemove: []
keysToRemove: []
keysToRemove: []
keysToRemove: []
keysToRemove: []
keysToRemove: []
keysToRemove: []
keysToRemove: []
keysToRemove: []
keysToRemove: []
keysToRemove: []
keysToRemove: []
keysToRemove: [ 'data', 'index', 'ordered' ]
keysToRemove: [ 'a', 'b', 'c', 'd', 'e' ]
keysToRemove: [ 'aBoolean', 'aNumber', 'aString' ]
keysToRemove: []
keysToRemove: []
keysToRemove: []
keysToRemove: [ 'aBoolean', 'aNumber', 'aString' ]
keysToRemove: []
keysToRemove: []
keysToRemove: []
keysToRemove: [ 'aBoolean', 'aNumber', 'aString' ]
keysToRemove: []
keysToRemove: []
keysToRemove: []
keysToRemove: [ 'aBoolean', 'aNumber', 'aString' ]
keysToRemove: []
keysToRemove: []
keysToRemove: []
keysToRemove: [ 'aNumber', 'aString' ]
keysToRemove: []
keysToRemove: []
keysToRemove: [ 'b', 'c', 'e', 'z' ]
keysToRemove: []
keysToRemove: []
keysToRemove: []
keysToRemove: []
keysToRemove: [ 'char_a_1',
  'char_a_2',
  'char_b',
  'char_c',
  'null_a',
  'null_b',
  'null_c',
  'num_1_a',
  'num_1_b',
  'num_2',
  'num_3' ]
keysToRemove: [ 'aLetter', 'aNumber' ]
keysToRemove: []
keysToRemove: []
keysToRemove: [ 'aLetter', 'aNumber' ]
keysToRemove: []
keysToRemove: []
keysToRemove: [ 'aLetter' ]
keysToRemove: []
keysToRemove: [ 'aLetter' ]
keysToRemove: []
keysToRemove: [ 'aLetter', 'aNumber' ]
keysToRemove: []
keysToRemove: []
keysToRemove: [ 'aLetter', 'aNumber' ]
keysToRemove: []
keysToRemove: []
keysToRemove: [ 'aLetter', 'aNumber' ]
keysToRemove: []
keysToRemove: []
keysToRemove: [ 'aNumber' ]
keysToRemove: []
keysToRemove: [ 'aNumber' ]
keysToRemove: []
keysToRemove: [ 'aNumber' ]
keysToRemove: []
keysToRemove: [ 'aNumber' ]
keysToRemove: []
keysToRemove: []
[2K[0G    [32m  ✓[0m[90m should return a response from a callback function [0m
[0m    #_updateToFirebase[0m
keysToRemove: []
keysToRemove: []
keysToRemove: []
keysToRemove: []
keysToRemove: []
keysToRemove: []
keysToRemove: []
keysToRemove: []
keysToRemove: []
keysToRemove: []
keysToRemove: []
keysToRemove: []
keysToRemove: []
keysToRemove: []
keysToRemove: []
keysToRemove: []
keysToRemove: []
keysToRemove: []
keysToRemove: []
keysToRemove: []
keysToRemove: []
keysToRemove: []
keysToRemove: []
keysToRemove: []
keysToRemove: []
keysToRemove: []
keysToRemove: []
keysToRemove: []
keysToRemove: []
keysToRemove: []
keysToRemove: []
keysToRemove: []
keysToRemove: []
keysToRemove: []
keysToRemove: []
keysToRemove: []
keysToRemove: []
keysToRemove: []
keysToRemove: []
keysToRemove: []
keysToRemove: []
keysToRemove: []
keysToRemove: []
keysToRemove: []
keysToRemove: []
keysToRemove: []
keysToRemove: []
keysToRemove: []
keysToRemove: []
keysToRemove: []
keysToRemove: []
keysToRemove: []
keysToRemove: []
keysToRemove: []
keysToRemove: []
[2K[0G    [32m  ✓[0m[90m should call Firebase.update [0m
keysToRemove: []
keysToRemove: []
keysToRemove: []
keysToRemove: []
keysToRemove: []
keysToRemove: []
keysToRemove: []
keysToRemove: []
keysToRemove: []
keysToRemove: []
keysToRemove: []
keysToRemove: []
keysToRemove: []
keysToRemove: []
keysToRemove: []
keysToRemove: []
keysToRemove: []
keysToRemove: []
keysToRemove: []
keysToRemove: []
keysToRemove: []
keysToRemove: []
keysToRemove: []
keysToRemove: []
keysToRemove: []
keysToRemove: []
keysToRemove: []
keysToRemove: []
keysToRemove: []
keysToRemove: []
keysToRemove: []
keysToRemove: []
keysToRemove: []
keysToRemove: []
keysToRemove: []
keysToRemove: []
keysToRemove: []
keysToRemove: []
keysToRemove: []
keysToRemove: []
keysToRemove: []
keysToRemove: []
keysToRemove: []
keysToRemove: []
keysToRemove: []
keysToRemove: []
keysToRemove: []
keysToRemove: []
keysToRemove: []
keysToRemove: []
keysToRemove: []
keysToRemove: []
keysToRemove: []
keysToRemove: []
keysToRemove: []
keysToRemove: []
keysToRemove: []
[2K[0G    [32m  ✓[0m[90m should return a response from a callback function [0m
[0m    #_onCompleteCheck[0m
[2K[0G    [32m  ✓[0m[90m should call options.error if an error exists [0m
[2K[0G    [32m  ✓[0m[90m should call options.success if no error exists [0m
[2K[0G    [32m  ✓[0m[90m should return if no options are present [0m
[0m    #_throwError[0m
[2K[0G    [32m  ✓[0m[90m should throw and catch an error [0m
[0m    #_determineRef[0m
keysToRemove: []
keysToRemove: []
keysToRemove: []
keysToRemove: []
keysToRemove: []
keysToRemove: []
keysToRemove: []
keysToRemove: []
keysToRemove: []
keysToRemove: []
keysToRemove: []
keysToRemove: []
keysToRemove: []
keysToRemove: []
keysToRemove: []
keysToRemove: []
keysToRemove: []
keysToRemove: []
keysToRemove: []
keysToRemove: []
keysToRemove: []
keysToRemove: []
keysToRemove: []
keysToRemove: []
keysToRemove: []
keysToRemove: []
keysToRemove: []
keysToRemove: []
keysToRemove: []
keysToRemove: []
keysToRemove: []
keysToRemove: []
keysToRemove: []
keysToRemove: []
keysToRemove: []
keysToRemove: []
keysToRemove: []
keysToRemove: []
keysToRemove: []
keysToRemove: []
keysToRemove: []
keysToRemove: []
keysToRemove: []
keysToRemove: []
keysToRemove: []
keysToRemove: []
keysToRemove: []
keysToRemove: []
keysToRemove: []
keysToRemove: []
keysToRemove: []
keysToRemove: []
keysToRemove: []
keysToRemove: []
keysToRemove: []
[2K[0G    [32m  ✓[0m[90m should create a Firebase ref if a string is provided [0m
keysToRemove: []
keysToRemove: []
keysToRemove: []
keysToRemove: []
keysToRemove: []
keysToRemove: []
keysToRemove: []
keysToRemove: []
keysToRemove: []
keysToRemove: []
keysToRemove: []
keysToRemove: []
keysToRemove: []
keysToRemove: []
keysToRemove: []
keysToRemove: []
keysToRemove: []
keysToRemove: []
keysToRemove: []
keysToRemove: []
keysToRemove: []
keysToRemove: []
keysToRemove: []
keysToRemove: []
keysToRemove: []
keysToRemove: []
keysToRemove: []
keysToRemove: []
keysToRemove: []
keysToRemove: []
keysToRemove: []
keysToRemove: []
keysToRemove: []
keysToRemove: []
keysToRemove: []
keysToRemove: []
keysToRemove: []
keysToRemove: []
keysToRemove: []
keysToRemove: []
keysToRemove: []
keysToRemove: []
keysToRemove: []
keysToRemove: []
keysToRemove: []
keysToRemove: []
keysToRemove: []
keysToRemove: []
keysToRemove: []
keysToRemove: []
keysToRemove: []
keysToRemove: []
keysToRemove: []
keysToRemove: []
keysToRemove: []
[2K[0G    [32m  ✓[0m[90m should return a Firebase ref if a ref is provided [0m
[2K[0G    [32m  ✓[0m[90m should throw an error if neither an object or string is provided [0m
[0m    #_determineAutoSync[0m
[2K[0G    [32m  ✓[0m[90m should return an autoSync value matching the given model [0m
[2K[0G    [32m  ✓[0m[90m should default to "true" if not present [0m
[2K[0G    [32m  ✓[0m[90m should return an autoSync value matching the given options [0m
[0m    #sync[0m
[0m      #sync("read", ...)[0m
keysToRemove: []
keysToRemove: []
keysToRemove: []
keysToRemove: []
keysToRemove: []
keysToRemove: []
keysToRemove: []
keysToRemove: []
keysToRemove: []
keysToRemove: []
keysToRemove: []
keysToRemove: []
keysToRemove: []
keysToRemove: []
keysToRemove: []
keysToRemove: []
keysToRemove: []
keysToRemove: []
keysToRemove: []
keysToRemove: []
keysToRemove: []
keysToRemove: []
keysToRemove: []
keysToRemove: []
keysToRemove: []
keysToRemove: []
keysToRemove: []
keysToRemove: []
keysToRemove: []
keysToRemove: []
keysToRemove: []
keysToRemove: []
keysToRemove: []
keysToRemove: []
keysToRemove: []
keysToRemove: []
keysToRemove: []
keysToRemove: []
keysToRemove: []
keysToRemove: []
keysToRemove: []
keysToRemove: []
keysToRemove: []
keysToRemove: []
keysToRemove: []
keysToRemove: []
keysToRemove: []
keysToRemove: []
keysToRemove: []
keysToRemove: []
keysToRemove: []
keysToRemove: []
keysToRemove: []
keysToRemove: []
keysToRemove: []
[2K[0G      [32m  ✓[0m[90m should call BackFire._readOnce [0m
keysToRemove: []
keysToRemove: []
keysToRemove: []
keysToRemove: []
keysToRemove: []
keysToRemove: []
keysToRemove: []
keysToRemove: []
keysToRemove: []
keysToRemove: []
keysToRemove: []
keysToRemove: []
keysToRemove: []
keysToRemove: []
keysToRemove: []
keysToRemove: []
keysToRemove: []
keysToRemove: []
keysToRemove: []
keysToRemove: []
keysToRemove: []
keysToRemove: []
keysToRemove: []
keysToRemove: []
keysToRemove: []
keysToRemove: []
keysToRemove: []
keysToRemove: []
keysToRemove: []
keysToRemove: []
keysToRemove: []
keysToRemove: []
keysToRemove: []
keysToRemove: []
keysToRemove: []
keysToRemove: []
keysToRemove: []
keysToRemove: []
keysToRemove: []
keysToRemove: []
keysToRemove: []
keysToRemove: []
keysToRemove: []
keysToRemove: []
keysToRemove: []
keysToRemove: []
keysToRemove: []
keysToRemove: []
keysToRemove: []
keysToRemove: []
keysToRemove: []
keysToRemove: []
keysToRemove: []
keysToRemove: []
keysToRemove: []
[2K[0G      [32m  ✓[0m[90m should call BackFire._readOnce with a success option [0m
[0m      #_setWithCheck[0m
keysToRemove: []
keysToRemove: []
keysToRemove: []
keysToRemove: []
keysToRemove: []
keysToRemove: []
keysToRemove: []
keysToRemove: []
keysToRemove: []
keysToRemove: []
keysToRemove: []
keysToRemove: []
keysToRemove: []
keysToRemove: []
keysToRemove: []
keysToRemove: []
keysToRemove: []
keysToRemove: []
keysToRemove: []
keysToRemove: []
keysToRemove: []
keysToRemove: []
keysToRemove: []
keysToRemove: []
keysToRemove: []
keysToRemove: []
keysToRemove: []
keysToRemove: []
keysToRemove: []
keysToRemove: []
keysToRemove: []
keysToRemove: []
keysToRemove: []
keysToRemove: []
keysToRemove: []
keysToRemove: []
keysToRemove: []
keysToRemove: []
keysToRemove: []
keysToRemove: []
keysToRemove: []
keysToRemove: []
keysToRemove: []
keysToRemove: []
keysToRemove: []
keysToRemove: []
keysToRemove: []
keysToRemove: []
keysToRemove: []
keysToRemove: []
keysToRemove: []
keysToRemove: []
keysToRemove: []
keysToRemove: []
keysToRemove: []
keysToRemove: [ 'data', 'index', 'ordered' ]
keysToRemove: [ 'a', 'b', 'c', 'd', 'e' ]
keysToRemove: [ 'aBoolean', 'aNumber', 'aString' ]
keysToRemove: []
keysToRemove: []
keysToRemove: []
keysToRemove: [ 'aBoolean', 'aNumber', 'aString' ]
keysToRemove: []
keysToRemove: []
keysToRemove: []
keysToRemove: [ 'aBoolean', 'aNumber', 'aString' ]
keysToRemove: []
keysToRemove: []
keysToRemove: []
keysToRemove: [ 'aBoolean', 'aNumber', 'aString' ]
keysToRemove: []
keysToRemove: []
keysToRemove: []
keysToRemove: [ 'aNumber', 'aString' ]
keysToRemove: []
keysToRemove: []
keysToRemove: [ 'b', 'c', 'e', 'z' ]
keysToRemove: []
keysToRemove: []
keysToRemove: []
keysToRemove: []
keysToRemove: [ 'char_a_1',
  'char_a_2',
  'char_b',
  'char_c',
  'null_a',
  'null_b',
  'null_c',
  'num_1_a',
  'num_1_b',
  'num_2',
  'num_3' ]
keysToRemove: [ 'aLetter', 'aNumber' ]
keysToRemove: []
keysToRemove: []
keysToRemove: [ 'aLetter', 'aNumber' ]
keysToRemove: []
keysToRemove: []
keysToRemove: [ 'aLetter' ]
keysToRemove: []
keysToRemove: [ 'aLetter' ]
keysToRemove: []
keysToRemove: [ 'aLetter', 'aNumber' ]
keysToRemove: []
keysToRemove: []
keysToRemove: [ 'aLetter', 'aNumber' ]
keysToRemove: []
keysToRemove: []
keysToRemove: [ 'aLetter', 'aNumber' ]
keysToRemove: []
keysToRemove: []
keysToRemove: [ 'aNumber' ]
keysToRemove: []
keysToRemove: [ 'aNumber' ]
keysToRemove: []
keysToRemove: [ 'aNumber' ]
keysToRemove: []
keysToRemove: [ 'aNumber' ]
keysToRemove: []
[2K[0G      [32m  ✓[0m[90m should call BackFire._setToFirebase [0m
keysToRemove: []
keysToRemove: []
keysToRemove: []
keysToRemove: []
keysToRemove: []
keysToRemove: []
keysToRemove: []
keysToRemove: []
keysToRemove: []
keysToRemove: []
keysToRemove: []
keysToRemove: []
keysToRemove: []
keysToRemove: []
keysToRemove: []
keysToRemove: []
keysToRemove: []
keysToRemove: []
keysToRemove: []
keysToRemove: []
keysToRemove: []
keysToRemove: []
keysToRemove: []
keysToRemove: []
keysToRemove: []
keysToRemove: []
keysToRemove: []
keysToRemove: []
keysToRemove: []
keysToRemove: []
keysToRemove: []
keysToRemove: []
keysToRemove: []
keysToRemove: []
keysToRemove: []
keysToRemove: []
keysToRemove: []
keysToRemove: []
keysToRemove: []
keysToRemove: []
keysToRemove: []
keysToRemove: []
keysToRemove: []
keysToRemove: []
keysToRemove: []
keysToRemove: []
keysToRemove: []
keysToRemove: []
keysToRemove: []
keysToRemove: []
keysToRemove: []
keysToRemove: []
keysToRemove: []
keysToRemove: []
keysToRemove: []
keysToRemove: [ 'data', 'index', 'ordered' ]
keysToRemove: [ 'a', 'b', 'c', 'd', 'e' ]
keysToRemove: [ 'aBoolean', 'aNumber', 'aString' ]
keysToRemove: []
keysToRemove: []
keysToRemove: []
keysToRemove: [ 'aBoolean', 'aNumber', 'aString' ]
keysToRemove: []
keysToRemove: []
keysToRemove: []
keysToRemove: [ 'aBoolean', 'aNumber', 'aString' ]
keysToRemove: []
keysToRemove: []
keysToRemove: []
keysToRemove: [ 'aBoolean', 'aNumber', 'aString' ]
keysToRemove: []
keysToRemove: []
keysToRemove: []
keysToRemove: [ 'aNumber', 'aString' ]
keysToRemove: []
keysToRemove: []
keysToRemove: [ 'b', 'c', 'e', 'z' ]
keysToRemove: []
keysToRemove: []
keysToRemove: []
keysToRemove: []
keysToRemove: [ 'char_a_1',
  'char_a_2',
  'char_b',
  'char_c',
  'null_a',
  'null_b',
  'null_c',
  'num_1_a',
  'num_1_b',
  'num_2',
  'num_3' ]
keysToRemove: [ 'aLetter', 'aNumber' ]
keysToRemove: []
keysToRemove: []
keysToRemove: [ 'aLetter', 'aNumber' ]
keysToRemove: []
keysToRemove: []
keysToRemove: [ 'aLetter' ]
keysToRemove: []
keysToRemove: [ 'aLetter' ]
keysToRemove: []
keysToRemove: [ 'aLetter', 'aNumber' ]
keysToRemove: []
keysToRemove: []
keysToRemove: [ 'aLetter', 'aNumber' ]
keysToRemove: []
keysToRemove: []
keysToRemove: [ 'aLetter', 'aNumber' ]
keysToRemove: []
keysToRemove: []
keysToRemove: [ 'aNumber' ]
keysToRemove: []
keysToRemove: [ 'aNumber' ]
keysToRemove: []
keysToRemove: [ 'aNumber' ]
keysToRemove: []
keysToRemove: [ 'aNumber' ]
keysToRemove: []
[2K[0G      [32m  ✓[0m[90m should call BackFire._onCompleteCheck [0m
[0m      #sync("create", ...)[0m
keysToRemove: []
keysToRemove: []
keysToRemove: []
keysToRemove: []
keysToRemove: []
keysToRemove: []
keysToRemove: []
keysToRemove: []
keysToRemove: []
keysToRemove: []
keysToRemove: []
keysToRemove: []
keysToRemove: []
keysToRemove: []
keysToRemove: []
keysToRemove: []
keysToRemove: []
keysToRemove: []
keysToRemove: []
keysToRemove: []
keysToRemove: []
keysToRemove: []
keysToRemove: []
keysToRemove: []
keysToRemove: []
keysToRemove: []
keysToRemove: []
keysToRemove: []
keysToRemove: []
keysToRemove: []
keysToRemove: []
keysToRemove: []
keysToRemove: []
keysToRemove: []
keysToRemove: []
keysToRemove: []
keysToRemove: []
keysToRemove: []
keysToRemove: []
keysToRemove: []
keysToRemove: []
keysToRemove: []
keysToRemove: []
keysToRemove: []
keysToRemove: []
keysToRemove: []
keysToRemove: []
keysToRemove: []
keysToRemove: []
keysToRemove: []
keysToRemove: []
keysToRemove: []
keysToRemove: []
keysToRemove: []
keysToRemove: []
keysToRemove: [ 'data', 'index', 'ordered' ]
keysToRemove: [ 'a', 'b', 'c', 'd', 'e' ]
keysToRemove: [ 'aBoolean', 'aNumber', 'aString' ]
keysToRemove: []
keysToRemove: []
keysToRemove: []
keysToRemove: [ 'aBoolean', 'aNumber', 'aString' ]
keysToRemove: []
keysToRemove: []
keysToRemove: []
keysToRemove: [ 'aBoolean', 'aNumber', 'aString' ]
keysToRemove: []
keysToRemove: []
keysToRemove: []
keysToRemove: [ 'aBoolean', 'aNumber', 'aString' ]
keysToRemove: []
keysToRemove: []
keysToRemove: []
keysToRemove: [ 'aNumber', 'aString' ]
keysToRemove: []
keysToRemove: []
keysToRemove: [ 'b', 'c', 'e', 'z' ]
keysToRemove: []
keysToRemove: []
keysToRemove: []
keysToRemove: []
keysToRemove: [ 'char_a_1',
  'char_a_2',
  'char_b',
  'char_c',
  'null_a',
  'null_b',
  'null_c',
  'num_1_a',
  'num_1_b',
  'num_2',
  'num_3' ]
keysToRemove: [ 'aLetter', 'aNumber' ]
keysToRemove: []
keysToRemove: []
keysToRemove: [ 'aLetter', 'aNumber' ]
keysToRemove: []
keysToRemove: []
keysToRemove: [ 'aLetter' ]
keysToRemove: []
keysToRemove: [ 'aLetter' ]
keysToRemove: []
keysToRemove: [ 'aLetter', 'aNumber' ]
keysToRemove: []
keysToRemove: []
keysToRemove: [ 'aLetter', 'aNumber' ]
keysToRemove: []
keysToRemove: []
keysToRemove: [ 'aLetter', 'aNumber' ]
keysToRemove: []
keysToRemove: []
keysToRemove: [ 'aNumber' ]
keysToRemove: []
keysToRemove: [ 'aNumber' ]
keysToRemove: []
keysToRemove: [ 'aNumber' ]
keysToRemove: []
keysToRemove: [ 'aNumber' ]
keysToRemove: []
[2K[0G      [32m  ✓[0m[90m should call BackFire._onCompleteCheck [0m
keysToRemove: []
keysToRemove: []
keysToRemove: []
keysToRemove: []
keysToRemove: []
keysToRemove: []
keysToRemove: []
keysToRemove: []
keysToRemove: []
keysToRemove: []
keysToRemove: []
keysToRemove: []
keysToRemove: []
keysToRemove: []
keysToRemove: []
keysToRemove: []
keysToRemove: []
keysToRemove: []
keysToRemove: []
keysToRemove: []
keysToRemove: []
keysToRemove: []
keysToRemove: []
keysToRemove: []
keysToRemove: []
keysToRemove: []
keysToRemove: []
keysToRemove: []
keysToRemove: []
keysToRemove: []
keysToRemove: []
keysToRemove: []
keysToRemove: []
keysToRemove: []
keysToRemove: []
keysToRemove: []
keysToRemove: []
keysToRemove: []
keysToRemove: []
keysToRemove: []
keysToRemove: []
keysToRemove: []
keysToRemove: []
keysToRemove: []
keysToRemove: []
keysToRemove: []
keysToRemove: []
keysToRemove: []
keysToRemove: []
keysToRemove: []
keysToRemove: []
keysToRemove: []
keysToRemove: []
keysToRemove: []
keysToRemove: []
keysToRemove: [ 'data', 'index', 'ordered' ]
keysToRemove: [ 'a', 'b', 'c', 'd', 'e' ]
keysToRemove: [ 'aBoolean', 'aNumber', 'aString' ]
keysToRemove: []
keysToRemove: []
keysToRemove: []
keysToRemove: [ 'aBoolean', 'aNumber', 'aString' ]
keysToRemove: []
keysToRemove: []
keysToRemove: []
keysToRemove: [ 'aBoolean', 'aNumber', 'aString' ]
keysToRemove: []
keysToRemove: []
keysToRemove: []
keysToRemove: [ 'aBoolean', 'aNumber', 'aString' ]
keysToRemove: []
keysToRemove: []
keysToRemove: []
keysToRemove: [ 'aNumber', 'aString' ]
keysToRemove: []
keysToRemove: []
keysToRemove: [ 'b', 'c', 'e', 'z' ]
keysToRemove: []
keysToRemove: []
keysToRemove: []
keysToRemove: []
keysToRemove: [ 'char_a_1',
  'char_a_2',
  'char_b',
  'char_c',
  'null_a',
  'null_b',
  'null_c',
  'num_1_a',
  'num_1_b',
  'num_2',
  'num_3' ]
keysToRemove: [ 'aLetter', 'aNumber' ]
keysToRemove: []
keysToRemove: []
keysToRemove: [ 'aLetter', 'aNumber' ]
keysToRemove: []
keysToRemove: []
keysToRemove: [ 'aLetter' ]
keysToRemove: []
keysToRemove: [ 'aLetter' ]
keysToRemove: []
keysToRemove: [ 'aLetter', 'aNumber' ]
keysToRemove: []
keysToRemove: []
keysToRemove: [ 'aLetter', 'aNumber' ]
keysToRemove: []
keysToRemove: []
keysToRemove: [ 'aLetter', 'aNumber' ]
keysToRemove: []
keysToRemove: []
keysToRemove: [ 'aNumber' ]
keysToRemove: []
keysToRemove: [ 'aNumber' ]
keysToRemove: []
keysToRemove: [ 'aNumber' ]
keysToRemove: []
keysToRemove: [ 'aNumber' ]
keysToRemove: []
[2K[0G      [32m  ✓[0m[90m should call BackFire._setWithCheck [0m
[0m      #sync("update", ...)[0m
keysToRemove: []
keysToRemove: []
keysToRemove: []
keysToRemove: []
keysToRemove: []
keysToRemove: []
keysToRemove: []
keysToRemove: []
keysToRemove: []
keysToRemove: []
keysToRemove: []
keysToRemove: []
keysToRemove: []
keysToRemove: []
keysToRemove: []
keysToRemove: []
keysToRemove: []
keysToRemove: []
keysToRemove: []
keysToRemove: []
keysToRemove: []
keysToRemove: []
keysToRemove: []
keysToRemove: []
keysToRemove: []
keysToRemove: []
keysToRemove: []
keysToRemove: []
keysToRemove: []
keysToRemove: []
keysToRemove: []
keysToRemove: []
keysToRemove: []
keysToRemove: []
keysToRemove: []
keysToRemove: []
keysToRemove: []
keysToRemove: []
keysToRemove: []
keysToRemove: []
keysToRemove: []
keysToRemove: []
keysToRemove: []
keysToRemove: []
keysToRemove: []
keysToRemove: []
keysToRemove: []
keysToRemove: []
keysToRemove: []
keysToRemove: []
keysToRemove: []
keysToRemove: []
keysToRemove: []
keysToRemove: []
keysToRemove: []
[2K[0G      [32m  ✓[0m[90m should call BackFire._onCompleteCheck [0m
keysToRemove: []
keysToRemove: []
keysToRemove: []
keysToRemove: []
keysToRemove: []
keysToRemove: []
keysToRemove: []
keysToRemove: []
keysToRemove: []
keysToRemove: []
keysToRemove: []
keysToRemove: []
keysToRemove: []
keysToRemove: []
keysToRemove: []
keysToRemove: []
keysToRemove: []
keysToRemove: []
keysToRemove: []
keysToRemove: []
keysToRemove: []
keysToRemove: []
keysToRemove: []
keysToRemove: []
keysToRemove: []
keysToRemove: []
keysToRemove: []
keysToRemove: []
keysToRemove: []
keysToRemove: []
keysToRemove: []
keysToRemove: []
keysToRemove: []
keysToRemove: []
keysToRemove: []
keysToRemove: []
keysToRemove: []
keysToRemove: []
keysToRemove: []
keysToRemove: []
keysToRemove: []
keysToRemove: []
keysToRemove: []
keysToRemove: []
keysToRemove: []
keysToRemove: []
keysToRemove: []
keysToRemove: []
keysToRemove: []
keysToRemove: []
keysToRemove: []
keysToRemove: []
keysToRemove: []
keysToRemove: []
keysToRemove: []
[2K[0G      [32m  ✓[0m[90m should call BackFire._updateWithCheck [0m


[92m [0m[32m 79 passing[0m[90m (835ms)[0m
[31m  1 failing[0m

[0m  1) BackFire.Collection SyncCollection should call sync when added:
[0m[31m     Error: InvalidIdException: Models must have an Id. Note: You may be trying to sync a primitive value (int, string, bool).[0m[90m
    at dist/backbonefire.js:155
    at dist/backbonefire.js:188
    at dist/backbonefire.js:582
    at test/collection_test.js:180
      at :1
    at node_modules/mockfirebase/src/firebase.js:644
    at forEach (node_modules/mockfirebase/node_modules/lodash/dist/lodash.js:3298)
    at node_modules/mockfirebase/src/firebase.js:649
    at node_modules/mockfirebase/src/firebase.js:656
    at forEach (node_modules/mockfirebase/node_modules/lodash/dist/lodash.js:3298)
    at node_modules/mockfirebase/src/firebase.js:657
    at node_modules/mockfirebase/src/firebase.js:588
    at node_modules/mockfirebase/src/firebase.js:327
    at node_modules/mockfirebase/src/firebase.js:787
    at forEach (test/model_test.js:112)
    at process (node_modules/mockfirebase/src/firebase.js:788)
    at node_modules/mockfirebase/src/firebase.js:795
    at node_modules/mockfirebase/src/firebase.js:156
    at test/collection_test.js:246
[0m


